// Jest Snapshot v1, https://goo.gl/fbAQLP

exports[`should dereference face vertices 1`] = `
Array [
  Array [
    Array [
      -20.06145,
      -301.5033,
      107.4102,
    ],
    Array [
      -19.64998,
      -301.6511,
      107.5756,
    ],
    Array [
      -19.87812,
      -301.7766,
      107.7385,
    ],
  ],
  Array [
    Array [
      -18.99838,
      -302.3419,
      107.6257,
    ],
    Array [
      -18.29505,
      -302.4955,
      107.7116,
    ],
    Array [
      -18.45564,
      -302.4262,
      107.5372,
    ],
  ],
  Array [
    Array [
      -18.5668,
      -302.6424,
      107.4552,
    ],
    Array [
      -19.52846,
      -302.3832,
      107.6959,
    ],
    Array [
      -18.99838,
      -302.3419,
      107.6257,
    ],
  ],
  Array [
    Array [
      -18.99838,
      -302.3419,
      107.6257,
    ],
    Array [
      -18.45564,
      -302.4262,
      107.5372,
    ],
    Array [
      -18.5668,
      -302.6424,
      107.4552,
    ],
  ],
  Array [
    Array [
      -18.5668,
      -302.6424,
      107.4552,
    ],
    Array [
      -18.96306,
      -302.7753,
      107.5695,
    ],
    Array [
      -19.52846,
      -302.3832,
      107.6959,
    ],
  ],
  Array [
    Array [
      -19.52846,
      -302.3832,
      107.6959,
    ],
    Array [
      -18.96306,
      -302.7753,
      107.5695,
    ],
    Array [
      -19.33993,
      -302.8016,
      107.6754,
    ],
  ],
  Array [
    Array [
      -18.29505,
      -302.4955,
      107.7116,
    ],
    Array [
      -18.5668,
      -302.6424,
      107.4552,
    ],
    Array [
      -18.45564,
      -302.4262,
      107.5372,
    ],
  ],
  Array [
    Array [
      -18.96306,
      -302.7753,
      107.5695,
    ],
    Array [
      -18.5668,
      -302.6424,
      107.4552,
    ],
    Array [
      -18.56424,
      -302.8596,
      107.6676,
    ],
  ],
  Array [
    Array [
      -18.56424,
      -302.8596,
      107.6676,
    ],
    Array [
      -18.5668,
      -302.6424,
      107.4552,
    ],
    Array [
      -18.29505,
      -302.4955,
      107.7116,
    ],
  ],
  Array [
    Array [
      -18.2355,
      -304.7742,
      107.5723,
    ],
    Array [
      -18.61397,
      -304.9963,
      107.6061,
    ],
    Array [
      -18.61863,
      -304.7247,
      107.7419,
    ],
  ],
  Array [
    Array [
      -18.2355,
      -304.7742,
      107.5723,
    ],
    Array [
      -18.33511,
      -305.1866,
      107.5966,
    ],
    Array [
      -18.61397,
      -304.9963,
      107.6061,
    ],
  ],
  Array [
    Array [
      -18.08405,
      -304.9866,
      107.7483,
    ],
    Array [
      -18.33511,
      -305.1866,
      107.5966,
    ],
    Array [
      -18.2355,
      -304.7742,
      107.5723,
    ],
  ],
  Array [
    Array [
      -18.61397,
      -304.9963,
      107.6061,
    ],
    Array [
      -18.33511,
      -305.1866,
      107.5966,
    ],
    Array [
      -18.59071,
      -305.4381,
      107.7289,
    ],
  ],
  Array [
    Array [
      -18.59071,
      -305.4381,
      107.7289,
    ],
    Array [
      -18.37235,
      -305.7494,
      107.5651,
    ],
    Array [
      -18.66739,
      -305.6412,
      107.6331,
    ],
  ],
  Array [
    Array [
      -22.11425,
      -306.645,
      107.722,
    ],
    Array [
      -21.84192,
      -306.8357,
      107.5388,
    ],
    Array [
      -22.10112,
      -306.9336,
      107.7118,
    ],
  ],
  Array [
    Array [
      -21.70459,
      -306.7019,
      107.6875,
    ],
    Array [
      -21.84192,
      -306.8357,
      107.5388,
    ],
    Array [
      -22.11425,
      -306.645,
      107.722,
    ],
  ],
  Array [
    Array [
      -18.66739,
      -305.6412,
      107.6331,
    ],
    Array [
      -18.46808,
      -306.1833,
      107.4703,
    ],
    Array [
      -18.81029,
      -306.4738,
      107.5788,
    ],
  ],
  Array [
    Array [
      -18.66739,
      -305.6412,
      107.6331,
    ],
    Array [
      -18.37235,
      -305.7494,
      107.5651,
    ],
    Array [
      -18.46808,
      -306.1833,
      107.4703,
    ],
  ],
  Array [
    Array [
      -18.46808,
      -306.1833,
      107.4703,
    ],
    Array [
      -18.37235,
      -305.7494,
      107.5651,
    ],
    Array [
      -18.16206,
      -306.1879,
      107.5233,
    ],
  ],
  Array [
    Array [
      -22.9475,
      -308.9085,
      107.5073,
    ],
    Array [
      -23.64511,
      -308.568,
      107.6906,
    ],
    Array [
      -23.38466,
      -308.4229,
      107.667,
    ],
  ],
  Array [
    Array [
      -23.38466,
      -308.4229,
      107.667,
    ],
    Array [
      -22.57956,
      -308.6053,
      107.562,
    ],
    Array [
      -22.9475,
      -308.9085,
      107.5073,
    ],
  ],
  Array [
    Array [
      -22.4844,
      -309.1028,
      107.5584,
    ],
    Array [
      -22.9475,
      -308.9085,
      107.5073,
    ],
    Array [
      -22.57956,
      -308.6053,
      107.562,
    ],
  ],
  Array [
    Array [
      -21.71572,
      -308.5911,
      107.6888,
    ],
    Array [
      -21.92677,
      -308.9722,
      107.6574,
    ],
    Array [
      -22.57956,
      -308.6053,
      107.562,
    ],
  ],
  Array [
    Array [
      -22.4844,
      -309.1028,
      107.5584,
    ],
    Array [
      -22.57956,
      -308.6053,
      107.562,
    ],
    Array [
      -21.92677,
      -308.9722,
      107.6574,
    ],
  ],
  Array [
    Array [
      -21.55886,
      -308.9018,
      107.5922,
    ],
    Array [
      -21.92677,
      -308.9722,
      107.6574,
    ],
    Array [
      -21.71572,
      -308.5911,
      107.6888,
    ],
  ],
  Array [
    Array [
      -23.64511,
      -308.568,
      107.6906,
    ],
    Array [
      -22.9475,
      -308.9085,
      107.5073,
    ],
    Array [
      -23.50346,
      -309.5736,
      107.6632,
    ],
  ],
  Array [
    Array [
      -22.4844,
      -309.1028,
      107.5584,
    ],
    Array [
      -21.92677,
      -308.9722,
      107.6574,
    ],
    Array [
      -22.15418,
      -309.2999,
      107.5305,
    ],
  ],
  Array [
    Array [
      -21.55886,
      -308.9018,
      107.5922,
    ],
    Array [
      -21.73598,
      -309.3085,
      107.6865,
    ],
    Array [
      -21.92677,
      -308.9722,
      107.6574,
    ],
  ],
  Array [
    Array [
      -21.73598,
      -309.3085,
      107.6865,
    ],
    Array [
      -22.15418,
      -309.2999,
      107.5305,
    ],
    Array [
      -21.92677,
      -308.9722,
      107.6574,
    ],
  ],
  Array [
    Array [
      -21.55886,
      -308.9018,
      107.5922,
    ],
    Array [
      -21.40649,
      -309.0595,
      107.7266,
    ],
    Array [
      -21.73598,
      -309.3085,
      107.6865,
    ],
  ],
  Array [
    Array [
      -22.9475,
      -308.9085,
      107.5073,
    ],
    Array [
      -23.10824,
      -309.3931,
      107.5181,
    ],
    Array [
      -23.50346,
      -309.5736,
      107.6632,
    ],
  ],
  Array [
    Array [
      -22.9475,
      -308.9085,
      107.5073,
    ],
    Array [
      -22.70528,
      -309.7769,
      107.4795,
    ],
    Array [
      -23.10824,
      -309.3931,
      107.5181,
    ],
  ],
  Array [
    Array [
      -22.70528,
      -309.7769,
      107.4795,
    ],
    Array [
      -22.9475,
      -308.9085,
      107.5073,
    ],
    Array [
      -22.4844,
      -309.1028,
      107.5584,
    ],
  ],
  Array [
    Array [
      -22.15418,
      -309.2999,
      107.5305,
    ],
    Array [
      -22.32691,
      -309.7278,
      107.5688,
    ],
    Array [
      -22.4844,
      -309.1028,
      107.5584,
    ],
  ],
  Array [
    Array [
      -21.73598,
      -309.3085,
      107.6865,
    ],
    Array [
      -22.32691,
      -309.7278,
      107.5688,
    ],
    Array [
      -22.15418,
      -309.2999,
      107.5305,
    ],
  ],
  Array [
    Array [
      -23.75085,
      -310.1497,
      107.7151,
    ],
    Array [
      -23.50346,
      -309.5736,
      107.6632,
    ],
    Array [
      -23.10824,
      -309.3931,
      107.5181,
    ],
  ],
  Array [
    Array [
      -22.4844,
      -309.1028,
      107.5584,
    ],
    Array [
      -22.32691,
      -309.7278,
      107.5688,
    ],
    Array [
      -22.70528,
      -309.7769,
      107.4795,
    ],
  ],
  Array [
    Array [
      -21.73598,
      -309.3085,
      107.6865,
    ],
    Array [
      -21.77079,
      -309.7588,
      107.5304,
    ],
    Array [
      -22.32691,
      -309.7278,
      107.5688,
    ],
  ],
  Array [
    Array [
      -23.10824,
      -309.3931,
      107.5181,
    ],
    Array [
      -23.08648,
      -310.0202,
      107.5497,
    ],
    Array [
      -23.75085,
      -310.1497,
      107.7151,
    ],
  ],
  Array [
    Array [
      -23.08648,
      -310.0202,
      107.5497,
    ],
    Array [
      -23.10824,
      -309.3931,
      107.5181,
    ],
    Array [
      -22.70528,
      -309.7769,
      107.4795,
    ],
  ],
  Array [
    Array [
      -23.08648,
      -310.0202,
      107.5497,
    ],
    Array [
      -23.37333,
      -310.4771,
      107.7121,
    ],
    Array [
      -23.75085,
      -310.1497,
      107.7151,
    ],
  ],
  Array [
    Array [
      -23.37333,
      -310.4771,
      107.7121,
    ],
    Array [
      -23.08648,
      -310.0202,
      107.5497,
    ],
    Array [
      -22.70528,
      -309.7769,
      107.4795,
    ],
  ],
  Array [
    Array [
      -23.37333,
      -310.4771,
      107.7121,
    ],
    Array [
      -22.70528,
      -309.7769,
      107.4795,
    ],
    Array [
      -22.92031,
      -310.7228,
      107.5577,
    ],
  ],
  Array [
    Array [
      -22.92031,
      -310.7228,
      107.5577,
    ],
    Array [
      -22.70528,
      -309.7769,
      107.4795,
    ],
    Array [
      -22.46815,
      -310.3087,
      107.5531,
    ],
  ],
  Array [
    Array [
      -21.77079,
      -309.7588,
      107.5304,
    ],
    Array [
      -22.46815,
      -310.3087,
      107.5531,
    ],
    Array [
      -22.32691,
      -309.7278,
      107.5688,
    ],
  ],
  Array [
    Array [
      -22.32691,
      -309.7278,
      107.5688,
    ],
    Array [
      -22.46815,
      -310.3087,
      107.5531,
    ],
    Array [
      -22.70528,
      -309.7769,
      107.4795,
    ],
  ],
  Array [
    Array [
      -22.46815,
      -310.3087,
      107.5531,
    ],
    Array [
      -21.77079,
      -309.7588,
      107.5304,
    ],
    Array [
      -21.77134,
      -310.19,
      107.5216,
    ],
  ],
  Array [
    Array [
      -21.33407,
      -310.0416,
      107.6961,
    ],
    Array [
      -21.77134,
      -310.19,
      107.5216,
    ],
    Array [
      -21.77079,
      -309.7588,
      107.5304,
    ],
  ],
  Array [
    Array [
      -22.92031,
      -310.7228,
      107.5577,
    ],
    Array [
      -23.30143,
      -310.8515,
      107.6351,
    ],
    Array [
      -23.37333,
      -310.4771,
      107.7121,
    ],
  ],
  Array [
    Array [
      -22.46815,
      -310.3087,
      107.5531,
    ],
    Array [
      -21.77134,
      -310.19,
      107.5216,
    ],
    Array [
      -22.13051,
      -310.4781,
      107.639,
    ],
  ],
  Array [
    Array [
      -21.33407,
      -310.0416,
      107.6961,
    ],
    Array [
      -21.50583,
      -310.4327,
      107.6641,
    ],
    Array [
      -21.77134,
      -310.19,
      107.5216,
    ],
  ],
  Array [
    Array [
      -22.13051,
      -310.4781,
      107.639,
    ],
    Array [
      -21.77134,
      -310.19,
      107.5216,
    ],
    Array [
      -21.50583,
      -310.4327,
      107.6641,
    ],
  ],
  Array [
    Array [
      -22.46815,
      -310.3087,
      107.5531,
    ],
    Array [
      -22.6717,
      -310.8226,
      107.5072,
    ],
    Array [
      -22.92031,
      -310.7228,
      107.5577,
    ],
  ],
  Array [
    Array [
      -22.46815,
      -310.3087,
      107.5531,
    ],
    Array [
      -22.13051,
      -310.4781,
      107.639,
    ],
    Array [
      -22.6717,
      -310.8226,
      107.5072,
    ],
  ],
  Array [
    Array [
      -21.50583,
      -310.4327,
      107.6641,
    ],
    Array [
      -21.68603,
      -310.9463,
      107.7246,
    ],
    Array [
      -22.13051,
      -310.4781,
      107.639,
    ],
  ],
  Array [
    Array [
      -22.92031,
      -310.7228,
      107.5577,
    ],
    Array [
      -22.6717,
      -310.8226,
      107.5072,
    ],
    Array [
      -23.30143,
      -310.8515,
      107.6351,
    ],
  ],
  Array [
    Array [
      -22.13051,
      -310.4781,
      107.639,
    ],
    Array [
      -22.55308,
      -311.33,
      107.6484,
    ],
    Array [
      -22.6717,
      -310.8226,
      107.5072,
    ],
  ],
  Array [
    Array [
      -22.55308,
      -311.33,
      107.6484,
    ],
    Array [
      -23.3157,
      -311.209,
      107.6803,
    ],
    Array [
      -23.30143,
      -310.8515,
      107.6351,
    ],
  ],
  Array [
    Array [
      -23.30143,
      -310.8515,
      107.6351,
    ],
    Array [
      -22.6717,
      -310.8226,
      107.5072,
    ],
    Array [
      -22.55308,
      -311.33,
      107.6484,
    ],
  ],
  Array [
    Array [
      -22.55308,
      -311.33,
      107.6484,
    ],
    Array [
      -22.13051,
      -310.4781,
      107.639,
    ],
    Array [
      -21.68603,
      -310.9463,
      107.7246,
    ],
  ],
  Array [
    Array [
      -22.55308,
      -311.33,
      107.6484,
    ],
    Array [
      -22.97901,
      -311.5553,
      107.6225,
    ],
    Array [
      -23.3157,
      -311.209,
      107.6803,
    ],
  ],
  Array [
    Array [
      -21.68603,
      -310.9463,
      107.7246,
    ],
    Array [
      -22.36991,
      -311.5438,
      107.6351,
    ],
    Array [
      -22.55308,
      -311.33,
      107.6484,
    ],
  ],
  Array [
    Array [
      -22.55308,
      -311.33,
      107.6484,
    ],
    Array [
      -22.73971,
      -311.8039,
      107.6383,
    ],
    Array [
      -22.97901,
      -311.5553,
      107.6225,
    ],
  ],
  Array [
    Array [
      -23.4891,
      -312.2336,
      107.6915,
    ],
    Array [
      -22.97901,
      -311.5553,
      107.6225,
    ],
    Array [
      -22.73971,
      -311.8039,
      107.6383,
    ],
  ],
  Array [
    Array [
      -22.73971,
      -311.8039,
      107.6383,
    ],
    Array [
      -22.36991,
      -311.5438,
      107.6351,
    ],
    Array [
      -22.45631,
      -312.152,
      107.6031,
    ],
  ],
  Array [
    Array [
      -22.73971,
      -311.8039,
      107.6383,
    ],
    Array [
      -22.55308,
      -311.33,
      107.6484,
    ],
    Array [
      -22.36991,
      -311.5438,
      107.6351,
    ],
  ],
  Array [
    Array [
      -22.00361,
      -312.4008,
      107.6966,
    ],
    Array [
      -22.45631,
      -312.152,
      107.6031,
    ],
    Array [
      -22.36991,
      -311.5438,
      107.6351,
    ],
  ],
  Array [
    Array [
      -22.73971,
      -311.8039,
      107.6383,
    ],
    Array [
      -23.03733,
      -312.4767,
      107.6988,
    ],
    Array [
      -23.4891,
      -312.2336,
      107.6915,
    ],
  ],
  Array [
    Array [
      -23.03733,
      -312.4767,
      107.6988,
    ],
    Array [
      -22.73971,
      -311.8039,
      107.6383,
    ],
    Array [
      -22.45631,
      -312.152,
      107.6031,
    ],
  ],
  Array [
    Array [
      -22.00361,
      -312.4008,
      107.6966,
    ],
    Array [
      -22.45512,
      -312.97,
      107.7332,
    ],
    Array [
      -22.45631,
      -312.152,
      107.6031,
    ],
  ],
  Array [
    Array [
      -22.00361,
      -312.4008,
      107.6966,
    ],
    Array [
      -22.03425,
      -312.9892,
      107.6969,
    ],
    Array [
      -22.45512,
      -312.97,
      107.7332,
    ],
  ],
]
`;
