// Jest Snapshot v1, https://goo.gl/fbAQLP

exports[`should match snapshots 1`] = `
Object {
  "bbox": Object {
    "max": Array [
      -18.08405,
      -301.5033,
      107.7483,
    ],
    "min": Array [
      -23.75085,
      -312.9892,
      107.4102,
    ],
  },
  "left": Object {
    "bbox": Object {
      "max": Array [
        -21.68603,
        -308.4229,
        107.7246,
      ],
      "min": Array [
        -23.75085,
        -312.4767,
        107.4795,
      ],
    },
    "left": Object {
      "bbox": Object {
        "max": Array [
          -21.68603,
          -309.7769,
          107.7246,
        ],
        "min": Array [
          -23.4891,
          -312.4767,
          107.4795,
        ],
      },
      "left": Object {
        "bbox": Object {
          "max": Array [
            -22.13051,
            -309.7769,
            107.7121,
          ],
          "min": Array [
            -23.37333,
            -312.4767,
            107.4795,
          ],
        },
        "left": undefined,
        "right": undefined,
        "triangles": Array [
          42,
          56,
          52,
          53,
          55,
          58,
          48,
          68,
        ],
      },
      "right": Object {
        "bbox": Object {
          "max": Array [
            -21.68603,
            -310.4781,
            107.7246,
          ],
          "min": Array [
            -23.4891,
            -312.4767,
            107.6031,
          ],
        },
        "left": undefined,
        "right": undefined,
        "triangles": Array [
          64,
          60,
          63,
          62,
          65,
          57,
          61,
          67,
          59,
        ],
      },
      "triangles": Array [
        67,
        68,
        63,
        64,
        62,
        65,
        60,
        61,
        56,
        58,
        59,
        57,
        48,
        55,
        53,
        52,
        42,
      ],
    },
    "right": Object {
      "bbox": Object {
        "max": Array [
          -21.71572,
          -308.4229,
          107.7151,
        ],
        "min": Array [
          -23.75085,
          -310.7228,
          107.4795,
        ],
      },
      "left": Object {
        "bbox": Object {
          "max": Array [
            -22.32691,
            -308.4229,
            107.7121,
          ],
          "min": Array [
            -23.64511,
            -310.7228,
            107.4795,
          ],
        },
        "left": undefined,
        "right": undefined,
        "triangles": Array [
          36,
          43,
          41,
          45,
          31,
          32,
          39,
          19,
          20,
        ],
      },
      "right": Object {
        "bbox": Object {
          "max": Array [
            -21.71572,
            -308.568,
            107.7151,
          ],
          "min": Array [
            -23.75085,
            -310.4771,
            107.5073,
          ],
        },
        "left": undefined,
        "right": undefined,
        "triangles": Array [
          30,
          25,
          21,
          38,
          35,
          26,
          40,
          23,
          22,
        ],
      },
      "triangles": Array [
        43,
        40,
        41,
        45,
        38,
        35,
        39,
        32,
        31,
        36,
        30,
        25,
        26,
        21,
        23,
        22,
        20,
        19,
      ],
    },
    "triangles": Array [
      35,
      40,
      38,
      25,
      19,
      30,
      67,
      63,
      20,
      41,
      42,
      48,
      57,
      60,
      58,
      55,
      39,
      31,
      68,
      62,
      21,
      32,
      43,
      52,
      64,
      65,
      45,
      36,
      56,
      53,
      22,
      23,
      61,
      59,
      26,
    ],
  },
  "right": Object {
    "bbox": Object {
      "max": Array [
        -18.08405,
        -301.5033,
        107.7483,
      ],
      "min": Array [
        -22.4844,
        -312.9892,
        107.4102,
      ],
    },
    "left": Object {
      "bbox": Object {
        "max": Array [
          -21.33407,
          -306.645,
          107.7332,
        ],
        "min": Array [
          -22.4844,
          -312.9892,
          107.5216,
        ],
      },
      "left": Object {
        "bbox": Object {
          "max": Array [
            -21.33407,
            -308.9722,
            107.6961,
          ],
          "min": Array [
            -22.4844,
            -310.4781,
            107.5216,
          ],
        },
        "left": undefined,
        "right": undefined,
        "triangles": Array [
          47,
          49,
          51,
          50,
          46,
          44,
          37,
          28,
          33,
        ],
      },
      "right": Object {
        "bbox": Object {
          "max": Array [
            -21.40649,
            -306.645,
            107.7332,
          ],
          "min": Array [
            -22.45631,
            -312.9892,
            107.5305,
          ],
        },
        "left": undefined,
        "right": undefined,
        "triangles": Array [
          34,
          14,
          29,
          27,
          24,
          69,
          66,
          54,
          70,
        ],
      },
      "triangles": Array [
        70,
        69,
        66,
        54,
        49,
        51,
        50,
        46,
        44,
        47,
        37,
        34,
        33,
        28,
        29,
        27,
        24,
        14,
      ],
    },
    "right": Object {
      "bbox": Object {
        "max": Array [
          -18.08405,
          -301.5033,
          107.7483,
        ],
        "min": Array [
          -22.11425,
          -306.8357,
          107.4102,
        ],
      },
      "left": Object {
        "bbox": Object {
          "max": Array [
            -18.29505,
            -301.5033,
            107.7385,
          ],
          "min": Array [
            -20.06145,
            -306.4738,
            107.4102,
          ],
        },
        "left": undefined,
        "right": undefined,
        "triangles": Array [
          0,
          7,
          2,
          6,
          3,
          4,
          8,
          16,
          17,
        ],
      },
      "right": Object {
        "bbox": Object {
          "max": Array [
            -18.08405,
            -302.3419,
            107.7483,
          ],
          "min": Array [
            -22.11425,
            -306.8357,
            107.4703,
          ],
        },
        "left": undefined,
        "right": undefined,
        "triangles": Array [
          18,
          1,
          15,
          13,
          5,
          11,
          9,
          10,
          12,
        ],
      },
      "triangles": Array [
        15,
        16,
        18,
        17,
        13,
        12,
        10,
        11,
        9,
        7,
        8,
        5,
        4,
        3,
        6,
        2,
        1,
        0,
      ],
    },
    "triangles": Array [
      33,
      44,
      49,
      46,
      66,
      69,
      70,
      37,
      34,
      28,
      54,
      51,
      14,
      15,
      24,
      27,
      50,
      47,
      29,
      0,
      4,
      5,
      2,
      3,
      1,
      7,
      16,
      17,
      13,
      9,
      10,
      12,
      6,
      8,
      18,
      11,
    ],
  },
  "triangles": Array [
    0,
    1,
    2,
    3,
    4,
    5,
    6,
    7,
    8,
    9,
    10,
    11,
    12,
    13,
    14,
    15,
    16,
    17,
    18,
    19,
    20,
    21,
    22,
    23,
    24,
    25,
    26,
    27,
    28,
    29,
    30,
    31,
    32,
    33,
    34,
    35,
    36,
    37,
    38,
    39,
    40,
    41,
    42,
    43,
    44,
    45,
    46,
    47,
    48,
    49,
    50,
    51,
    52,
    53,
    54,
    55,
    56,
    57,
    58,
    59,
    60,
    61,
    62,
    63,
    64,
    65,
    66,
    67,
    68,
    69,
    70,
  ],
}
`;
